------------------------------------------------------------
Timing Analyzer Summary
------------------------------------------------------------

Type  : Slow 1100mV 85C Model Setup 'clock_50_0'
Slack : 16.805
TNS   : 0.000

Type  : Slow 1100mV 85C Model Setup 'u1|vga_audio_inst|altera_pll_i|general[0].gpll~PLL_OUTPUT_COUNTER|divclk'
Slack : 17.170
TNS   : 0.000

Type  : Slow 1100mV 85C Model Hold 'u1|vga_audio_inst|altera_pll_i|general[0].gpll~PLL_OUTPUT_COUNTER|divclk'
Slack : 0.303
TNS   : 0.000

Type  : Slow 1100mV 85C Model Hold 'clock_50_0'
Slack : 0.390
TNS   : 0.000

Type  : Slow 1100mV 85C Model Recovery 'u1|vga_audio_inst|altera_pll_i|general[0].gpll~PLL_OUTPUT_COUNTER|divclk'
Slack : 14.293
TNS   : 0.000

Type  : Slow 1100mV 85C Model Removal 'u1|vga_audio_inst|altera_pll_i|general[0].gpll~PLL_OUTPUT_COUNTER|divclk'
Slack : 1.768
TNS   : 0.000

Type  : Slow 1100mV 85C Model Minimum Pulse Width 'u1|vga_audio_inst|altera_pll_i|general[0].gpll~FRACTIONAL_PLL|vcoph[0]'
Slack : 1.666
TNS   : 0.000

Type  : Slow 1100mV 85C Model Minimum Pulse Width 'clock_50_0'
Slack : 9.229
TNS   : 0.000

Type  : Slow 1100mV 85C Model Minimum Pulse Width 'u1|vga_audio_inst|altera_pll_i|general[0].gpll~PLL_OUTPUT_COUNTER|divclk'
Slack : 18.775
TNS   : 0.000

Type  : Slow 1100mV 0C Model Setup 'clock_50_0'
Slack : 16.900
TNS   : 0.000

Type  : Slow 1100mV 0C Model Setup 'u1|vga_audio_inst|altera_pll_i|general[0].gpll~PLL_OUTPUT_COUNTER|divclk'
Slack : 17.283
TNS   : 0.000

Type  : Slow 1100mV 0C Model Hold 'u1|vga_audio_inst|altera_pll_i|general[0].gpll~PLL_OUTPUT_COUNTER|divclk'
Slack : 0.335
TNS   : 0.000

Type  : Slow 1100mV 0C Model Hold 'clock_50_0'
Slack : 0.400
TNS   : 0.000

Type  : Slow 1100mV 0C Model Recovery 'u1|vga_audio_inst|altera_pll_i|general[0].gpll~PLL_OUTPUT_COUNTER|divclk'
Slack : 14.416
TNS   : 0.000

Type  : Slow 1100mV 0C Model Removal 'u1|vga_audio_inst|altera_pll_i|general[0].gpll~PLL_OUTPUT_COUNTER|divclk'
Slack : 1.775
TNS   : 0.000

Type  : Slow 1100mV 0C Model Minimum Pulse Width 'u1|vga_audio_inst|altera_pll_i|general[0].gpll~FRACTIONAL_PLL|vcoph[0]'
Slack : 1.666
TNS   : 0.000

Type  : Slow 1100mV 0C Model Minimum Pulse Width 'clock_50_0'
Slack : 9.285
TNS   : 0.000

Type  : Slow 1100mV 0C Model Minimum Pulse Width 'u1|vga_audio_inst|altera_pll_i|general[0].gpll~PLL_OUTPUT_COUNTER|divclk'
Slack : 18.754
TNS   : 0.000

Type  : Fast 1100mV 85C Model Setup 'clock_50_0'
Slack : 18.234
TNS   : 0.000

Type  : Fast 1100mV 85C Model Setup 'u1|vga_audio_inst|altera_pll_i|general[0].gpll~PLL_OUTPUT_COUNTER|divclk'
Slack : 18.330
TNS   : 0.000

Type  : Fast 1100mV 85C Model Hold 'clock_50_0'
Slack : 0.191
TNS   : 0.000

Type  : Fast 1100mV 85C Model Hold 'u1|vga_audio_inst|altera_pll_i|general[0].gpll~PLL_OUTPUT_COUNTER|divclk'
Slack : 0.197
TNS   : 0.000

Type  : Fast 1100mV 85C Model Recovery 'u1|vga_audio_inst|altera_pll_i|general[0].gpll~PLL_OUTPUT_COUNTER|divclk'
Slack : 16.340
TNS   : 0.000

Type  : Fast 1100mV 85C Model Removal 'u1|vga_audio_inst|altera_pll_i|general[0].gpll~PLL_OUTPUT_COUNTER|divclk'
Slack : 1.218
TNS   : 0.000

Type  : Fast 1100mV 85C Model Minimum Pulse Width 'u1|vga_audio_inst|altera_pll_i|general[0].gpll~FRACTIONAL_PLL|vcoph[0]'
Slack : 1.666
TNS   : 0.000

Type  : Fast 1100mV 85C Model Minimum Pulse Width 'clock_50_0'
Slack : 9.107
TNS   : 0.000

Type  : Fast 1100mV 85C Model Minimum Pulse Width 'u1|vga_audio_inst|altera_pll_i|general[0].gpll~PLL_OUTPUT_COUNTER|divclk'
Slack : 18.887
TNS   : 0.000

Type  : Fast 1100mV 0C Model Setup 'clock_50_0'
Slack : 18.383
TNS   : 0.000

Type  : Fast 1100mV 0C Model Setup 'u1|vga_audio_inst|altera_pll_i|general[0].gpll~PLL_OUTPUT_COUNTER|divclk'
Slack : 18.506
TNS   : 0.000

Type  : Fast 1100mV 0C Model Hold 'clock_50_0'
Slack : 0.180
TNS   : 0.000

Type  : Fast 1100mV 0C Model Hold 'u1|vga_audio_inst|altera_pll_i|general[0].gpll~PLL_OUTPUT_COUNTER|divclk'
Slack : 0.185
TNS   : 0.000

Type  : Fast 1100mV 0C Model Recovery 'u1|vga_audio_inst|altera_pll_i|general[0].gpll~PLL_OUTPUT_COUNTER|divclk'
Slack : 16.593
TNS   : 0.000

Type  : Fast 1100mV 0C Model Removal 'u1|vga_audio_inst|altera_pll_i|general[0].gpll~PLL_OUTPUT_COUNTER|divclk'
Slack : 1.125
TNS   : 0.000

Type  : Fast 1100mV 0C Model Minimum Pulse Width 'u1|vga_audio_inst|altera_pll_i|general[0].gpll~FRACTIONAL_PLL|vcoph[0]'
Slack : 1.666
TNS   : 0.000

Type  : Fast 1100mV 0C Model Minimum Pulse Width 'clock_50_0'
Slack : 9.069
TNS   : 0.000

Type  : Fast 1100mV 0C Model Minimum Pulse Width 'u1|vga_audio_inst|altera_pll_i|general[0].gpll~PLL_OUTPUT_COUNTER|divclk'
Slack : 18.888
TNS   : 0.000

------------------------------------------------------------
